------------------------------------------------------------
TimeQuest Timing Analyzer Summary
------------------------------------------------------------

Type  : Slow 1100mV 100C Model Setup 'clk'
Slack : -5.955
TNS   : -200.592

Type  : Slow 1100mV 100C Model Hold 'clk'
Slack : 0.454
TNS   : 0.000

Type  : Slow 1100mV 100C Model Minimum Pulse Width 'clk'
Slack : -0.538
TNS   : -29.656

Type  : Slow 1100mV -40C Model Setup 'clk'
Slack : -6.350
TNS   : -211.257

Type  : Slow 1100mV -40C Model Hold 'clk'
Slack : 0.455
TNS   : 0.000

Type  : Slow 1100mV -40C Model Minimum Pulse Width 'clk'
Slack : -0.538
TNS   : -30.775

Type  : Fast 1100mV 100C Model Setup 'clk'
Slack : -2.646
TNS   : -84.251

Type  : Fast 1100mV 100C Model Hold 'clk'
Slack : 0.183
TNS   : 0.000

Type  : Fast 1100mV 100C Model Minimum Pulse Width 'clk'
Slack : -0.079
TNS   : -2.893

Type  : Fast 1100mV -40C Model Setup 'clk'
Slack : -2.389
TNS   : -75.014

Type  : Fast 1100mV -40C Model Hold 'clk'
Slack : 0.168
TNS   : 0.000

Type  : Fast 1100mV -40C Model Minimum Pulse Width 'clk'
Slack : -0.083
TNS   : -3.066

------------------------------------------------------------
